# --------------------------------------------------- // System
pipewire
pipewire-alsa
pipewire-jack
pipewire-pulse
wireplumber
pavucontrol
pamixer
networkmanager
network-manager-applet
bluez
bluez-utils
blueman
brightnessctl
playerctl
libnotify
polkit-kde-agent

# --------------------------------------------------- // Display / Desktop
sddm
hyprland
xdg-desktop-portal-hyprland
xdg-desktop-portal-gtk
waybar
rofi
kitty
dunst
swaylock
wlogout
awww
grim
slurp
swappy
wl-clipboard
cliphist

# --------------------------------------------------- // Theming
nwg-look
qt5ct
qt6ct
kvantum
kvantum-qt5
qt5-wayland
qt6-wayland
ttf-cascadia-code-nerd
ttf-jetbrains-mono-nerd
noto-fonts
noto-fonts-emoji
bibata-cursor-theme-bin

# --------------------------------------------------- // Apps
firefox
dolphin
thunar
ark
code
spotify-launcher
spicetify-cli

# --------------------------------------------------- // Shell / CLI
zsh
oh-my-zsh-git|zsh
zsh-autosuggestions|zsh
zsh-syntax-highlighting|zsh
zsh-theme-powerlevel10k|zsh
tmux
github-cli
fastfetch
btop
eza
bat
fd
fzf
ripgrep
zoxide
atuin
direnv
jq
parallel
imagemagick
curl
wget
unzip
